2025-09-20 13:44:24,179	[INFO]	(command_framework.py:95)load_commands	Loading commands from 'D:\Python\botpy-1.2.1 - 框架\examples\commands'...
2025-09-20 13:44:24,191	[WARNING]	(command_framework.py:122)load_commands	No setup function found in command_framework.py
2025-09-20 13:44:24,194	[INFO]	(command_framework.py:87)decorator	Command '看图' registered.
2025-09-20 13:44:24,198	[INFO]	(command_framework.py:120)load_commands	Successfully loaded commands from image_commands.py
2025-09-20 13:44:24,201	[INFO]	(command_framework.py:87)decorator	Command '图片' registered.
2025-09-20 13:44:24,205	[INFO]	(command_framework.py:120)load_commands	Successfully loaded commands from local_media_commands.py
2025-09-20 13:44:24,209	[INFO]	(command_framework.py:87)decorator	Command '分段消息' registered.
2025-09-20 13:44:24,216	[INFO]	(command_framework.py:120)load_commands	Successfully loaded commands from messaging_commands.py
2025-09-20 13:44:24,220	[INFO]	(command_framework.py:87)decorator	Command '帮助' registered.
2025-09-20 13:44:24,223	[INFO]	(command_framework.py:87)decorator	Command 'ping' registered.
2025-09-20 13:44:24,227	[INFO]	(command_framework.py:87)decorator	Command '信息' registered.
2025-09-20 13:44:24,231	[INFO]	(command_framework.py:120)load_commands	Successfully loaded commands from utility_commands.py
2025-09-20 13:44:24,235	[INFO]	(client.py:162)_bot_login	[botpy] 登录机器人账号中...
2025-09-20 13:44:24,563	[INFO]	(robot.py:65)update_access_token	[botpy] access_token expires_in 5247
2025-09-20 13:44:24,770	[ERROR]	(http.py:76)_handle_response	[botpy] 接口请求异常，请求连接: https://api.sgroup.qq.com/users/@me, 错误代码: 401, 返回内容: {'message': '接口访问源IP不在白名单', 'code': 11298, 'err_code': 40023002, 'trace_id': '033a8b6f4a769c9c5566c2754c4620a0'}, trace_id:033a8b6f4a769c9c5566c2754c4620a0
2025-09-20 13:47:02,774	[INFO]	(command_framework.py:95)load_commands	Loading commands from 'D:\Python\botpy-1.2.1 - 框架\examples\commands'...
2025-09-20 13:47:02,779	[WARNING]	(command_framework.py:122)load_commands	No setup function found in command_framework.py
2025-09-20 13:47:02,782	[INFO]	(command_framework.py:87)decorator	Command '看图' registered.
2025-09-20 13:47:02,785	[INFO]	(command_framework.py:120)load_commands	Successfully loaded commands from image_commands.py
2025-09-20 13:47:02,788	[INFO]	(command_framework.py:87)decorator	Command '图片' registered.
2025-09-20 13:47:02,791	[INFO]	(command_framework.py:120)load_commands	Successfully loaded commands from local_media_commands.py
2025-09-20 13:47:02,795	[INFO]	(command_framework.py:87)decorator	Command '分段消息' registered.
2025-09-20 13:47:02,797	[INFO]	(command_framework.py:120)load_commands	Successfully loaded commands from messaging_commands.py
2025-09-20 13:47:02,801	[INFO]	(command_framework.py:87)decorator	Command '帮助' registered.
2025-09-20 13:47:02,804	[INFO]	(command_framework.py:87)decorator	Command 'ping' registered.
2025-09-20 13:47:02,806	[INFO]	(command_framework.py:87)decorator	Command '信息' registered.
2025-09-20 13:47:02,809	[INFO]	(command_framework.py:120)load_commands	Successfully loaded commands from utility_commands.py
2025-09-20 13:47:02,813	[INFO]	(client.py:162)_bot_login	[botpy] 登录机器人账号中...
2025-09-20 13:47:03,211	[INFO]	(robot.py:65)update_access_token	[botpy] access_token expires_in 5089
2025-09-20 13:47:03,667	[ERROR]	(http.py:76)_handle_response	[botpy] 接口请求异常，请求连接: https://api.sgroup.qq.com/users/@me, 错误代码: 401, 返回内容: {'message': '接口访问源IP不在白名单', 'code': 11298, 'err_code': 40023002, 'trace_id': 'd51433085a45291c64785110891ad6af'}, trace_id:d51433085a45291c64785110891ad6af
2025-09-20 13:48:26,710	[INFO]	(command_framework.py:95)load_commands	Loading commands from 'D:\Python\botpy-1.2.1 - 框架\examples\commands'...
2025-09-20 13:48:26,730	[WARNING]	(command_framework.py:122)load_commands	No setup function found in command_framework.py
2025-09-20 13:48:26,733	[INFO]	(command_framework.py:87)decorator	Command '看图' registered.
2025-09-20 13:48:26,736	[INFO]	(command_framework.py:120)load_commands	Successfully loaded commands from image_commands.py
2025-09-20 13:48:26,739	[INFO]	(command_framework.py:87)decorator	Command '图片' registered.
2025-09-20 13:48:26,743	[INFO]	(command_framework.py:120)load_commands	Successfully loaded commands from local_media_commands.py
2025-09-20 13:48:26,746	[INFO]	(command_framework.py:87)decorator	Command '分段消息' registered.
2025-09-20 13:48:26,748	[INFO]	(command_framework.py:120)load_commands	Successfully loaded commands from messaging_commands.py
2025-09-20 13:48:26,751	[INFO]	(command_framework.py:87)decorator	Command '帮助' registered.
2025-09-20 13:48:26,754	[INFO]	(command_framework.py:87)decorator	Command 'ping' registered.
2025-09-20 13:48:26,757	[INFO]	(command_framework.py:87)decorator	Command '信息' registered.
2025-09-20 13:48:26,760	[INFO]	(command_framework.py:120)load_commands	Successfully loaded commands from utility_commands.py
2025-09-20 13:48:26,763	[INFO]	(client.py:162)_bot_login	[botpy] 登录机器人账号中...
2025-09-20 13:48:26,924	[INFO]	(robot.py:65)update_access_token	[botpy] access_token expires_in 5005
2025-09-20 13:48:27,176	[ERROR]	(http.py:76)_handle_response	[botpy] 接口请求异常，请求连接: https://api.sgroup.qq.com/users/@me, 错误代码: 401, 返回内容: {'message': '接口访问源IP不在白名单', 'code': 11298, 'err_code': 40023002, 'trace_id': '418e33ba1debac3ecede3bfe40b05a70'}, trace_id:418e33ba1debac3ecede3bfe40b05a70
2025-09-20 13:51:01,931	[INFO]	(command_framework.py:95)load_commands	Loading commands from 'D:\Python\botpy-1.2.1 - 框架\examples\commands'...
2025-09-20 13:51:01,936	[WARNING]	(command_framework.py:122)load_commands	No setup function found in command_framework.py
2025-09-20 13:51:01,939	[INFO]	(command_framework.py:87)decorator	Command '看图' registered.
2025-09-20 13:51:01,942	[INFO]	(command_framework.py:120)load_commands	Successfully loaded commands from image_commands.py
2025-09-20 13:51:01,945	[INFO]	(command_framework.py:87)decorator	Command '图片' registered.
2025-09-20 13:51:01,948	[INFO]	(command_framework.py:120)load_commands	Successfully loaded commands from local_media_commands.py
2025-09-20 13:51:01,951	[INFO]	(command_framework.py:87)decorator	Command '分段消息' registered.
2025-09-20 13:51:01,954	[INFO]	(command_framework.py:120)load_commands	Successfully loaded commands from messaging_commands.py
2025-09-20 13:51:01,958	[INFO]	(command_framework.py:87)decorator	Command '帮助' registered.
2025-09-20 13:51:01,960	[INFO]	(command_framework.py:87)decorator	Command 'ping' registered.
2025-09-20 13:51:01,963	[INFO]	(command_framework.py:87)decorator	Command '信息' registered.
2025-09-20 13:51:01,966	[INFO]	(command_framework.py:120)load_commands	Successfully loaded commands from utility_commands.py
2025-09-20 13:51:01,969	[INFO]	(client.py:162)_bot_login	[botpy] 登录机器人账号中...
2025-09-20 13:51:02,114	[INFO]	(robot.py:65)update_access_token	[botpy] access_token expires_in 4850
2025-09-20 13:51:02,577	[ERROR]	(http.py:76)_handle_response	[botpy] 接口请求异常，请求连接: https://api.sgroup.qq.com/users/@me, 错误代码: 401, 返回内容: {'message': '接口访问源IP不在白名单', 'code': 11298, 'err_code': 40023002, 'trace_id': 'aeff6b298779921fc396410caa5b82c9'}, trace_id:aeff6b298779921fc396410caa5b82c9
2025-09-20 13:56:18,177	[INFO]	(command_framework.py:95)load_commands	Loading commands from 'D:\Python\botpy-1.2.1 - 框架\examples\commands'...
2025-09-20 13:56:18,190	[WARNING]	(command_framework.py:122)load_commands	No setup function found in command_framework.py
2025-09-20 13:56:18,193	[INFO]	(command_framework.py:87)decorator	Command '看图' registered.
2025-09-20 13:56:18,196	[INFO]	(command_framework.py:120)load_commands	Successfully loaded commands from image_commands.py
2025-09-20 13:56:18,200	[INFO]	(command_framework.py:87)decorator	Command '图片' registered.
2025-09-20 13:56:18,202	[INFO]	(command_framework.py:120)load_commands	Successfully loaded commands from local_media_commands.py
2025-09-20 13:56:18,205	[INFO]	(command_framework.py:87)decorator	Command '分段消息' registered.
2025-09-20 13:56:18,208	[INFO]	(command_framework.py:120)load_commands	Successfully loaded commands from messaging_commands.py
2025-09-20 13:56:18,212	[INFO]	(command_framework.py:87)decorator	Command '帮助' registered.
2025-09-20 13:56:18,215	[INFO]	(command_framework.py:87)decorator	Command 'ping' registered.
2025-09-20 13:56:18,218	[INFO]	(command_framework.py:87)decorator	Command '信息' registered.
2025-09-20 13:56:18,221	[INFO]	(command_framework.py:120)load_commands	Successfully loaded commands from utility_commands.py
2025-09-20 13:56:18,224	[INFO]	(client.py:162)_bot_login	[botpy] 登录机器人账号中...
2025-09-20 13:56:18,782	[INFO]	(robot.py:65)update_access_token	[botpy] access_token expires_in 4533
2025-09-20 13:56:19,045	[ERROR]	(http.py:76)_handle_response	[botpy] 接口请求异常，请求连接: https://api.sgroup.qq.com/users/@me, 错误代码: 401, 返回内容: {'message': '接口访问源IP不在白名单', 'code': 11298, 'err_code': 40023002, 'trace_id': '6aaa45fbc569caa12dadd67d014d068f'}, trace_id:6aaa45fbc569caa12dadd67d014d068f
2025-09-20 13:59:00,466	[INFO]	(command_framework.py:95)load_commands	Loading commands from 'D:\Python\botpy-1.2.1 - 框架\examples\commands'...
2025-09-20 13:59:00,485	[WARNING]	(command_framework.py:122)load_commands	No setup function found in command_framework.py
2025-09-20 13:59:00,488	[INFO]	(command_framework.py:87)decorator	Command '看图' registered.
2025-09-20 13:59:00,491	[INFO]	(command_framework.py:120)load_commands	Successfully loaded commands from image_commands.py
2025-09-20 13:59:00,495	[INFO]	(command_framework.py:87)decorator	Command '图片' registered.
2025-09-20 13:59:00,498	[INFO]	(command_framework.py:120)load_commands	Successfully loaded commands from local_media_commands.py
2025-09-20 13:59:00,501	[INFO]	(command_framework.py:87)decorator	Command '分段消息' registered.
2025-09-20 13:59:00,504	[INFO]	(command_framework.py:120)load_commands	Successfully loaded commands from messaging_commands.py
2025-09-20 13:59:00,508	[INFO]	(command_framework.py:87)decorator	Command '帮助' registered.
2025-09-20 13:59:00,510	[INFO]	(command_framework.py:87)decorator	Command 'ping' registered.
2025-09-20 13:59:00,513	[INFO]	(command_framework.py:87)decorator	Command '信息' registered.
2025-09-20 13:59:00,516	[INFO]	(command_framework.py:120)load_commands	Successfully loaded commands from utility_commands.py
2025-09-20 13:59:00,519	[INFO]	(client.py:162)_bot_login	[botpy] 登录机器人账号中...
2025-09-20 13:59:00,644	[INFO]	(robot.py:65)update_access_token	[botpy] access_token expires_in 4371
2025-09-20 13:59:01,105	[ERROR]	(http.py:76)_handle_response	[botpy] 接口请求异常，请求连接: https://api.sgroup.qq.com/users/@me, 错误代码: 401, 返回内容: {'message': '接口访问源IP不在白名单', 'code': 11298, 'err_code': 40023002, 'trace_id': '6d4c720bbb37b682cd4899a1a578178c'}, trace_id:6d4c720bbb37b682cd4899a1a578178c
2025-09-20 13:59:21,614	[INFO]	(command_framework.py:95)load_commands	Loading commands from 'D:\Python\botpy-1.2.1 - 框架\examples\commands'...
2025-09-20 13:59:21,638	[WARNING]	(command_framework.py:122)load_commands	No setup function found in command_framework.py
2025-09-20 13:59:21,641	[INFO]	(command_framework.py:87)decorator	Command '看图' registered.
2025-09-20 13:59:21,644	[INFO]	(command_framework.py:120)load_commands	Successfully loaded commands from image_commands.py
2025-09-20 13:59:21,647	[INFO]	(command_framework.py:87)decorator	Command '图片' registered.
2025-09-20 13:59:21,650	[INFO]	(command_framework.py:120)load_commands	Successfully loaded commands from local_media_commands.py
2025-09-20 13:59:21,654	[INFO]	(command_framework.py:87)decorator	Command '分段消息' registered.
2025-09-20 13:59:21,657	[INFO]	(command_framework.py:120)load_commands	Successfully loaded commands from messaging_commands.py
2025-09-20 13:59:21,661	[INFO]	(command_framework.py:87)decorator	Command '帮助' registered.
2025-09-20 13:59:21,664	[INFO]	(command_framework.py:87)decorator	Command 'ping' registered.
2025-09-20 13:59:21,668	[INFO]	(command_framework.py:87)decorator	Command '信息' registered.
2025-09-20 13:59:21,671	[INFO]	(command_framework.py:120)load_commands	Successfully loaded commands from utility_commands.py
2025-09-20 13:59:21,674	[INFO]	(client.py:162)_bot_login	[botpy] 登录机器人账号中...
2025-09-20 13:59:21,841	[INFO]	(robot.py:65)update_access_token	[botpy] access_token expires_in 4085
2025-09-20 13:59:22,405	[ERROR]	(http.py:76)_handle_response	[botpy] 接口请求异常，请求连接: https://api.sgroup.qq.com/users/@me, 错误代码: 401, 返回内容: {'message': '接口访问源IP不在白名单', 'code': 11298, 'err_code': 40023002, 'trace_id': 'cee6b191cac489367e002e84d47acbc7'}, trace_id:cee6b191cac489367e002e84d47acbc7
2025-09-20 14:08:12,505	[INFO]	(command_framework.py:95)load_commands	Loading commands from 'D:\Python\botpy-1.2.1 - 框架\examples\commands'...
2025-09-20 14:08:12,510	[WARNING]	(command_framework.py:122)load_commands	No setup function found in command_framework.py
2025-09-20 14:08:12,513	[INFO]	(command_framework.py:87)decorator	Command '看图' registered.
2025-09-20 14:08:12,516	[INFO]	(command_framework.py:120)load_commands	Successfully loaded commands from image_commands.py
2025-09-20 14:08:12,520	[INFO]	(command_framework.py:87)decorator	Command '图片' registered.
2025-09-20 14:08:12,524	[INFO]	(command_framework.py:120)load_commands	Successfully loaded commands from local_media_commands.py
2025-09-20 14:08:12,527	[INFO]	(command_framework.py:87)decorator	Command '分段消息' registered.
2025-09-20 14:08:12,529	[INFO]	(command_framework.py:120)load_commands	Successfully loaded commands from messaging_commands.py
2025-09-20 14:08:12,532	[INFO]	(command_framework.py:87)decorator	Command '帮助' registered.
2025-09-20 14:08:12,536	[INFO]	(command_framework.py:87)decorator	Command 'ping' registered.
2025-09-20 14:08:12,539	[INFO]	(command_framework.py:87)decorator	Command '信息' registered.
2025-09-20 14:08:12,543	[INFO]	(command_framework.py:120)load_commands	Successfully loaded commands from utility_commands.py
2025-09-20 14:08:12,548	[INFO]	(client.py:162)_bot_login	[botpy] 登录机器人账号中...
2025-09-20 14:08:12,744	[INFO]	(robot.py:65)update_access_token	[botpy] access_token expires_in 3554
2025-09-20 14:08:13,261	[ERROR]	(http.py:76)_handle_response	[botpy] 接口请求异常，请求连接: https://api.sgroup.qq.com/users/@me, 错误代码: 401, 返回内容: {'message': '接口访问源IP不在白名单', 'code': 11298, 'err_code': 40023002, 'trace_id': '5277d8098130e375a8d051914cdd0474'}, trace_id:5277d8098130e375a8d051914cdd0474
